Microchip MPLAB XC8 Compiler V1.41 ()

Linker command line:

-W-3 --edf=C:\Program Files (x86)\Microchip\xc8\v1.41\dat\en_msgs.txt -cs \
  -h+dist/default/production\CAN-pic18f.X.production.sym \
  --cmf=dist/default/production\CAN-pic18f.X.production.cmf -z -Q18F25K80 \
  -oC:\Users\ADMINI~1\AppData\Local\Temp\scp8.2 -pinit=400h \
  -Mdist/default/production/CAN-pic18f.X.production.map -E1 -ver=XC8 \
  --acfsm=1493 -ASTACK=0A8h-0e40h -pstack=STACK -ACODE=00h-07FFFh \
  -ACONST=00h-07FFFh -ASMALLCONST=0F00h-0FFFhx113 \
  -AMEDIUMCONST=0F00h-07FFFh -ACOMRAM=01h-05Fh -AABS1=00h-0E40h \
  -ABIGRAM=01h-0E40h -ARAM=060h-0FFh,0100h-01FFhx13,0E00h-0E40h \
  -ABANK0=060h-0FFh -ABANK1=0100h-01FFh -ABANK2=0200h-02FFh \
  -ABANK3=0300h-03FFh -ABANK4=0400h-04FFh -ABANK5=0500h-05FFh \
  -ABANK6=0600h-06FFh -ABANK7=0700h-07FFh -ABANK8=0800h-08FFh \
  -ABANK9=0900h-09FFh -ABANK10=0A00h-0AFFh -ABANK11=0B00h-0BFFh \
  -ABANK12=0C00h-0CFFh -ABANK13=0D00h-0DFFh -ABANK14=0E00h-0E40h \
  -ASFR=0E41h-0EFFh,0F00h-0F5Fh,0F60h-0FFFh \
  -preset_vec=00h,intcode,intcodelo,powerup -pramtop=0F00h \
  -psmallconst=SMALLCONST -pmediumconst=MEDIUMCONST -pconst=CONST \
  -AFARRAM=00h-00h -ACONFIG=0300000h-030000Dh -pconfig=CONFIG \
  -AIDLOC=0200000h-0200007h -pidloc=IDLOC -AEEDATA=0F00000h-0F003FFh \
  -peeprom_data=EEDATA \
  -prdata=COMRAM,nvrram=COMRAM,nvbit=COMRAM,rbss=COMRAM,rbit=COMRAM \
  -pfarbss=FARRAM,fardata=FARRAM,nvFARRAM=FARRAM \
  -pintsave_regs=BIGRAM,bigbss=BIGRAM,bigdata=BIGRAM -pbss=RAM \
  -pidata=CODE,irdata=CODE,ibigdata=CODE,ifardata=CODE -prparam=COMRAM \
  C:\Users\ADMINI~1\AppData\Local\Temp\scp8.obj \
  dist/default/production\CAN-pic18f.X.production.obj 

Object code version is 3.11

Machine type is 18F25K80

Call graph: (short form)




                Name                               Link     Load   Length Selector   Space Scale
C:\Users\ADMINI~1\AppData\Local\Temp\scp8.obj
                init                                400      400        4      200       0
                idloc                            200000   200000        8   200000       0
                config                           300000   300000        E   300000       0
dist/default/production\CAN-pic18f.X.production.obj
                text7                               790      790       36      200       0
                text6                               664      664       60      200       0
                text5                               7EE      7EE       28      200       0
                text4                               7C6      7C6       28      200       0
                text3                               6C4      6C4       4E      200       0
                text2                               75A      75A       36      200       0
                text1                               712      712       48      200       0
                text0                               404      404      1FE      200       0
                cstackCOMRAM                          1        1       2C        1       1
                dataBANK0                            A0       A0        8       60       1
                bssBANK0                             60       60       40       60       1
                dataCOMRAM                           2D       2D       24        1       1
                bssCOMRAM                            51       51        D        1       1
                cinit                               602      602       62      200       0
                idataBANK0                          83A      83A        8      200       0
                idataCOMRAM                         816      816       24      200       0

TOTAL           Name                               Link     Load   Length     Space
        CLASS   STACK          

        CLASS   CODE           
                init                                400      400        4         0
                text7                               790      790       36         0
                text6                               664      664       60         0
                text5                               7EE      7EE       28         0
                text4                               7C6      7C6       28         0
                text3                               6C4      6C4       4E         0
                text2                               75A      75A       36         0
                text1                               712      712       48         0
                text0                               404      404      1FE         0
                cinit                               602      602       62         0
                idataBANK0                          83A      83A        8         0
                idataCOMRAM                         816      816       24         0

        CLASS   CONST          

        CLASS   SMALLCONST     

        CLASS   MEDIUMCONST    

        CLASS   COMRAM         
                cstackCOMRAM                          1        1       2C         1
                dataCOMRAM                           2D       2D       24         1
                bssCOMRAM                            51       51        D         1

        CLASS   ABS1           

        CLASS   BIGRAM         

        CLASS   RAM            

        CLASS   BANK0          
                dataBANK0                            A0       A0        8         1
                bssBANK0                             60       60       40         1

        CLASS   BANK1          

        CLASS   BANK2          

        CLASS   BANK3          

        CLASS   BANK4          

        CLASS   BANK5          

        CLASS   BANK6          

        CLASS   BANK7          

        CLASS   BANK8          

        CLASS   BANK9          

        CLASS   BANK10         

        CLASS   BANK11         

        CLASS   BANK12         

        CLASS   BANK13         

        CLASS   BANK14         

        CLASS   SFR            

        CLASS   FARRAM         

        CLASS   CONFIG         
                config                           300000   300000        E         0

        CLASS   IDLOC          
                idloc                            200000   200000        8         0

        CLASS   EEDATA         



SEGMENTS        Name                           Load    Length   Top    Selector   Space  Class

                cstackCOMRAM                   000001  00005D  00005E         1       1  COMRAM  
                bssBANK0                       000060  000048  0000A8        60       1  BANK0   
                init                           000400  000442  000842       200       0  CODE    
                idloc                          200000  000008  200008    200000       0  IDLOC   
                config                         300000  00000E  30000E    300000       0  CONFIG  


UNUSED ADDRESS RANGES

        Name                Unused          Largest block    Delta
        BANK0            0000A8-0000FF               58
        BANK1            000100-0001FF              100
        BANK10           000A00-000AFF              100
        BANK11           000B00-000BFF              100
        BANK12           000C00-000CFF              100
        BANK13           000D00-000DFF              100
        BANK14           000E00-000E40               41
        BANK2            000200-0002FF              100
        BANK3            000300-0003FF              100
        BANK4            000400-0004FF              100
        BANK5            000500-0005FF              100
        BANK6            000600-0006FF              100
        BANK7            000700-0007FF              100
        BANK8            000800-0008FF              100
        BANK9            000900-0009FF              100
        BIGRAM           00005E-00005F                2
                         0000A8-000E40              D99
        CODE             000000-0003FF              400
                         000842-007FFF             77BE
        COMRAM           00005E-00005F                2
        CONST            000000-0003FF              400
                         000842-007FFF             77BE
        EEDATA           F00000-F003FF              400
        FARRAM           000000-000000                1
        MEDIUMCONST      000F00-007FFF             7100
        RAM              0000A8-000E40              100
        SFR              000E41-000FFF               BF
        SMALLCONST       000F00-007FFF              100
        STACK            0000A8-000E40              D99

                                  Symbol Table

CanSendBuffer@len           cstackCOMRAM 00000C
CanSendBuffer@ptr           cstackCOMRAM 00000B
CanSendBuffer@tx_id         cstackCOMRAM 000009
Erase_Whole_Flash@erase     cstackCOMRAM 000008
Flash_Erasex@address        cstackCOMRAM 000001
Flash_Writex@P              cstackCOMRAM 000005
Flash_Writex@address        cstackCOMRAM 000001
Flash_Writex@i              cstackCOMRAM 000007
Flash_Writex@length         cstackCOMRAM 000006
PL10                        text0        0005DE
PL12                        text0        0005E8
PL14                        text0        0005F0
PL16                        text0        0005FA
PL2                         text0        000598
PL4                         text0        0005BA
PL6                         text0        0005C4
PL8                         text2        000782
_BRGCON1                    (abs)        000E43
_BRGCON2                    (abs)        000E44
_BRGCON3                    (abs)        000E45
_CANCON                     (abs)        000F6F
_CANSTAT                    (abs)        000F6E
_CAN_rx_buf                 dataCOMRAM   000049
_CARRY                      (abs)        007EC0
_CFGS                       (abs)        007BFE
_CanSendBuffer              text6        000664
_EECON1                     (abs)        000F7F
_EECON2                     (abs)        000F7E
_EEPGD                      (abs)        007BFF
_Erase_Whole_Flash          text3        0006C4
_FREE                       (abs)        007BFC
_Flash_Erasex               text4        0007C6
_Flash_Writex               text2        00075A
_GIE                        (abs)        007F97
_INTCONbits                 (abs)        000FF2
_LATCbits                   (abs)        000F8B
_PIR5                       (abs)        000F77
_PIR5bits                   (abs)        000F77
_RXB0CON                    (abs)        000F60
_RXB0CONbits                (abs)        000F60
_RXB0D0                     (abs)        000F66
_RXB0D1                     (abs)        000F67
_RXB0D2                     (abs)        000F68
_RXB0D3                     (abs)        000F69
_RXB0D4                     (abs)        000F6A
_RXB0D5                     (abs)        000F6B
_RXB0D6                     (abs)        000F6C
_RXB0D7                     (abs)        000F6D
_RXB0DLC                    (abs)        000F65
_RXB0SIDH                   (abs)        000F61
_RXB0SIDL                   (abs)        000F62
_RXF0SIDH                   (abs)        000EE0
_RXF0SIDL                   (abs)        000EE1
_RXM0SIDH                   (abs)        000EF8
_RXM0SIDL                   (abs)        000EF9
_STKPTR                     (abs)        000FFC
_T0CON                      (abs)        000FD5
_TABLAT                     (abs)        000FF5
_TBLPTR                     (abs)        000FF6
_TBLPTRH                    (abs)        000FF7
_TBLPTRL                    (abs)        000FF6
_TBLPTRU                    (abs)        000FF8
_TMR0H                      (abs)        000FD7
_TMR0L                      (abs)        000FD6
_TRISCbits                  (abs)        000F94
_TXB0CONbits                (abs)        000F20
_TXB0DLC                    (abs)        000F25
_TXB0SIDH                   (abs)        000F21
_TXB0SIDL                   (abs)        000F22
_WR                         (abs)        007BF9
_WREN                       (abs)        007BFA
_Write_Cycle                text5        0007EE
__CFG_BBSIZ$BB2K            (abs)        000000
__CFG_BOREN$SBORDIS         (abs)        000000
__CFG_BORPWR$ZPBORMV        (abs)        000000
__CFG_BORV$3                (abs)        000000
__CFG_CANMX$PORTC           (abs)        000000
__CFG_CP0$OFF               (abs)        000000
__CFG_CP1$OFF               (abs)        000000
__CFG_CP2$OFF               (abs)        000000
__CFG_CP3$OFF               (abs)        000000
__CFG_CPB$OFF               (abs)        000000
__CFG_CPD$OFF               (abs)        000000
__CFG_EBTR0$OFF             (abs)        000000
__CFG_EBTR1$OFF             (abs)        000000
__CFG_EBTR2$OFF             (abs)        000000
__CFG_EBTR3$OFF             (abs)        000000
__CFG_EBTRB$OFF             (abs)        000000
__CFG_FCMEN$OFF             (abs)        000000
__CFG_FOSC$HS1              (abs)        000000
__CFG_IESO$OFF              (abs)        000000
__CFG_INTOSCSEL$HIGH        (abs)        000000
__CFG_MCLRE$ON              (abs)        000000
__CFG_MSSPMSK$MSK7          (abs)        000000
__CFG_PLLCFG$ON             (abs)        000000
__CFG_PWRTEN$OFF            (abs)        000000
__CFG_RETEN$OFF             (abs)        000000
__CFG_SOSCSEL$HIGH          (abs)        000000
__CFG_STVREN$ON             (abs)        000000
__CFG_WDTEN$SWDTDIS         (abs)        000000
__CFG_WDTPS$1048576         (abs)        000000
__CFG_WRT0$OFF              (abs)        000000
__CFG_WRT1$OFF              (abs)        000000
__CFG_WRT2$OFF              (abs)        000000
__CFG_WRT3$OFF              (abs)        000000
__CFG_WRTB$OFF              (abs)        000000
__CFG_WRTC$OFF              (abs)        000000
__CFG_WRTD$OFF              (abs)        000000
__CFG_XINST$OFF             (abs)        000000
__HRAM                      (abs)        000000
__Habs1                     abs1         000000
__Hbank0                    bank0        000000
__Hbank1                    bank1        000000
__Hbank10                   bank10       000000
__Hbank11                   bank11       000000
__Hbank12                   bank12       000000
__Hbank13                   bank13       000000
__Hbank14                   bank14       000000
__Hbank2                    bank2        000000
__Hbank3                    bank3        000000
__Hbank4                    bank4        000000
__Hbank5                    bank5        000000
__Hbank6                    bank6        000000
__Hbank7                    bank7        000000
__Hbank8                    bank8        000000
__Hbank9                    bank9        000000
__Hbigbss                   bigbss       000000
__Hbigdata                  bigdata      000000
__Hbigram                   bigram       000000
__Hbss                      bss          000000
__HbssBANK0                 bssBANK0     000000
__HbssCOMRAM                bssCOMRAM    000000
__Hcinit                    cinit        000000
__Hclrtext                  clrtext      000000
__Hcomram                   comram       000000
__Hconfig                   config       30000E
__Hconst                    const        000000
__HcstackCOMRAM             cstackCOMRAM 000000
__Hdata                     data         000000
__HdataBANK0                dataBANK0    000000
__HdataCOMRAM               dataCOMRAM   000000
__Heeprom_data              eeprom_data  000000
__Hfarbss                   farbss       000000
__Hfardata                  fardata      000000
__Hibigdata                 ibigdata     000000
__Hidata                    idata        000000
__HidataBANK0               idataBANK0   000000
__HidataCOMRAM              idataCOMRAM  000000
__Hidloc                    idloc        200008
__Hifardata                 ifardata     000000
__Hinit                     init         000404
__Hintcode                  intcode      000000
__Hintcode_body             intcode_body 000000
__Hintcodelo                intcodelo    000000
__Hintentry                 intentry     000000
__Hintret                   intret       000000
__Hintsave_regs             intsave_regs 000000
__Hirdata                   irdata       000000
__Hmediumconst              mediumconst  000000
__HnvFARRAM                 nvFARRAM     000000
__Hnvbit                    nvbit        000000
__Hnvrram                   nvrram       000000
__Hpa_nodes0                pa_nodes0    000000
__Hparam                    rparam       000000
__Hpowerup                  powerup      000000
__Hram                      ram          000000
__Hramtop                   ramtop       000F00
__Hrbit                     rbit         000000
__Hrbss                     rbss         000000
__Hrdata                    rdata        000000
__Hreset_vec                reset_vec    000000
__Hrparam                   rparam       000000
__Hsfr                      sfr          000000
__Hsmallconst               smallconst   000000
__Hspace_0                  (abs)        30000E
__Hspace_1                  (abs)        0000A8
__Hspace_2                  (abs)        000000
__Hstack                    stack        000000
__Hstruct                   struct       000000
__Htemp                     temp         000000
__Htext                     text         000000
__Htext0                    text0        000000
__Htext1                    text1        000000
__Htext2                    text2        000000
__Htext3                    text3        000000
__Htext4                    text4        000000
__Htext5                    text5        000000
__Htext6                    text6        000000
__Htext7                    text7        000000
__LRAM                      (abs)        000001
__Labs1                     abs1         000000
__Lbank0                    bank0        000000
__Lbank1                    bank1        000000
__Lbank10                   bank10       000000
__Lbank11                   bank11       000000
__Lbank12                   bank12       000000
__Lbank13                   bank13       000000
__Lbank14                   bank14       000000
__Lbank2                    bank2        000000
__Lbank3                    bank3        000000
__Lbank4                    bank4        000000
__Lbank5                    bank5        000000
__Lbank6                    bank6        000000
__Lbank7                    bank7        000000
__Lbank8                    bank8        000000
__Lbank9                    bank9        000000
__Lbigbss                   bigbss       000000
__Lbigdata                  bigdata      000000
__Lbigram                   bigram       000000
__Lbss                      bss          000000
__LbssBANK0                 bssBANK0     000000
__LbssCOMRAM                bssCOMRAM    000000
__Lcinit                    cinit        000000
__Lclrtext                  clrtext      000000
__Lcomram                   comram       000000
__Lconfig                   config       300000
__Lconst                    const        000000
__LcstackCOMRAM             cstackCOMRAM 000000
__Ldata                     data         000000
__LdataBANK0                dataBANK0    000000
__LdataCOMRAM               dataCOMRAM   000000
__Leeprom_data              eeprom_data  000000
__Lfarbss                   farbss       000000
__Lfardata                  fardata      000000
__Libigdata                 ibigdata     000000
__Lidata                    idata        000000
__LidataBANK0               idataBANK0   000000
__LidataCOMRAM              idataCOMRAM  000000
__Lidloc                    idloc        200000
__Lifardata                 ifardata     000000
__Linit                     init         000400
__Lintcode                  intcode      000000
__Lintcode_body             intcode_body 000000
__Lintcodelo                intcodelo    000000
__Lintentry                 intentry     000000
__Lintret                   intret       000000
__Lintsave_regs             intsave_regs 000000
__Lirdata                   irdata       000000
__Lmediumconst              mediumconst  000000
__LnvFARRAM                 nvFARRAM     000000
__Lnvbit                    nvbit        000000
__Lnvrram                   nvrram       000000
__Lpa_nodes0                pa_nodes0    000000
__Lparam                    rparam       000000
__Lpowerup                  powerup      000000
__Lram                      ram          000000
__Lramtop                   ramtop       000F00
__Lrbit                     rbit         000000
__Lrbss                     rbss         000000
__Lrdata                    rdata        000000
__Lreset_vec                reset_vec    000000
__Lrparam                   rparam       000000
__Lsfr                      sfr          000000
__Lsmallconst               smallconst   000000
__Lspace_0                  (abs)        000000
__Lspace_1                  (abs)        000000
__Lspace_2                  (abs)        000000
__Lstack                    stack        000000
__Lstruct                   struct       000000
__Ltemp                     temp         000000
__Ltext                     text         000000
__Ltext0                    text0        000000
__Ltext1                    text1        000000
__Ltext2                    text2        000000
__Ltext3                    text3        000000
__Ltext4                    text4        000000
__Ltext5                    text5        000000
__Ltext6                    text6        000000
__Ltext7                    text7        000000
__S0                        (abs)        30000E
__S1                        (abs)        0000A8
__S2                        (abs)        000000
___inthi_sp                 stack        000000
___intlo_sp                 stack        000000
___param_bank               (abs)        000000
___rparam_used              (abs)        000001
___sp                       stack        000000
__accesstop                 (abs)        000060
__activetblptr              (abs)        000002
__end_ofPL10                text0        0005E8
__end_ofPL12                text0        0005F0
__end_ofPL14                text0        0005FA
__end_ofPL16                text0        000602
__end_ofPL2                 text0        0005BA
__end_ofPL4                 text0        0005C4
__end_ofPL6                 text0        0005DE
__end_ofPL8                 text2        000790
__end_of_CanSendBuffer      text6        0006C4
__end_of_Erase_Whole_Flash  text3        000712
__end_of_Flash_Erasex       text4        0007EE
__end_of_Flash_Writex       text2        000782
__end_of_Write_Cycle        text5        000816
__end_of__initialization    cinit        00065A
__end_of_init_CAN           text1        00075A
__end_of_main               text0        000598
__end_of_memcpy             text7        0007C6
__initialization            cinit        000602
__mediumconst               mediumconst  000000
__pbssBANK0                 bssBANK0     000060
__pbssCOMRAM                bssCOMRAM    000051
__pcinit                    cinit        000602
__pcstackCOMRAM             cstackCOMRAM 000001
__pdataBANK0                dataBANK0    0000A0
__pdataCOMRAM               dataCOMRAM   00002D
__pidataBANK0               idataBANK0   00083A
__pidataCOMRAM              idataCOMRAM  000816
__ptext0                    text0        000404
__ptext1                    text1        000712
__ptext2                    text2        00075A
__ptext3                    text3        0006C4
__ptext4                    text4        0007C6
__ptext5                    text5        0007EE
__ptext6                    text6        000664
__ptext7                    text7        000790
__ramtop                    ramtop       000F00
__size_of_CanSendBuffer     (abs)        000000
__size_of_Erase_Whole_Flash (abs)        000000
__size_of_Flash_Erasex      (abs)        000000
__size_of_Flash_Writex      (abs)        000000
__size_of_Write_Cycle       (abs)        000000
__size_of_init_CAN          (abs)        000000
__size_of_main              (abs)        000000
__size_of_memcpy            (abs)        000000
__smallconst                smallconst   000000
_bootloader_flag            bssCOMRAM    00005C
_delay_boot                 bssCOMRAM    00005D
_init_CAN                   text1        000712
_main                       text0        000404
_memcpy                     text7        000790
_pTXB0D                     dataCOMRAM   000047
_wtime                      bssCOMRAM    000057
end_of_initialization       cinit        00065A
intlevel0                   text         000000
intlevel1                   text         000000
intlevel2                   text         000000
intlevel3                   text         000000
main@F14946                 dataCOMRAM   00003C
main@F14948                 dataCOMRAM   000035
main@F14957                 dataCOMRAM   00002D
main@F14959                 dataBANK0    0000A0
main@addrpoint              bssCOMRAM    000051
main@cEndFlg                dataCOMRAM   000043
main@cStartFlg              bssCOMRAM    00005B
main@ch                     cstackCOMRAM 00001F
main@ch_404                 cstackCOMRAM 000026
main@ch_413                 cstackCOMRAM 00000F
main@chdata                 bssBANK0     000060
main@chs                    cstackCOMRAM 000017
main@i                      bssCOMRAM    00005A
main@j                      bssCOMRAM    000059
main@k                      bssCOMRAM    000055
memcpy@d                    cstackCOMRAM 000006
memcpy@d1                   cstackCOMRAM 000001
memcpy@n                    cstackCOMRAM 000004
memcpy@s                    cstackCOMRAM 000008
memcpy@s1                   cstackCOMRAM 000003
stackhi                     (abs)        000E40
stacklo                     (abs)        0000A8
start                       init         000400
start_initialization        cinit        000602


FUNCTION INFORMATION:

 *************** function _main *****************
 Defined at:
		line 75 in file "main.c"
 Parameters:    Size  Location     Type
		None
 Auto vars:     Size  Location     Type
  chs             8   22[COMRAM] unsigned char [8]
  ch              8   14[COMRAM] unsigned char [8]
  ch              7   37[COMRAM] unsigned char [7]
  ch              7   30[COMRAM] unsigned char [7]
 Return value:  Size  Location     Type
                  1    wreg      void 
 Registers used:
		wreg, fsr1l, fsr1h, fsr2l, fsr2h, status,2, status,0, cstack
 Tracked objects:
		On entry : 
		On exit  : 
		Unchanged: 
 Data sizes:     COMRAM   BANK0   BANK1   BANK2   BANK3   BANK4   BANK5   BANK6   BANK7   BANK8   BANK9  BANK10  BANK11  BANK12  BANK13  BANK14
      Params:         0       0       0       0       0       0       0       0       0       0       0       0       0       0       0       0
      Locals:        30       0       0       0       0       0       0       0       0       0       0       0       0       0       0       0
      Temps:          0       0       0       0       0       0       0       0       0       0       0       0       0       0       0       0
      Totals:        30       0       0       0       0       0       0       0       0       0       0       0       0       0       0       0
Total ram usage:       30 bytes
 Hardware stack levels required when called:    3
 This function calls:
		_CanSendBuffer
		_Erase_Whole_Flash
		_Flash_Writex
		_init_CAN
 This function is called by:
		Startup code after reset
 This function uses a non-reentrant model


 *************** function _init_CAN *****************
 Defined at:
		line 16 in file "CAN.c"
 Parameters:    Size  Location     Type
		None
 Auto vars:     Size  Location     Type
  CAN_RX_Adres    2    0        unsigned int 
 Return value:  Size  Location     Type
                  1    wreg      void 
 Registers used:
		wreg, status,2, status,0
 Tracked objects:
		On entry : 
		On exit  : 
		Unchanged: 
 Data sizes:     COMRAM   BANK0   BANK1   BANK2   BANK3   BANK4   BANK5   BANK6   BANK7   BANK8   BANK9  BANK10  BANK11  BANK12  BANK13  BANK14
      Params:         0       0       0       0       0       0       0       0       0       0       0       0       0       0       0       0
      Locals:         2       0       0       0       0       0       0       0       0       0       0       0       0       0       0       0
      Temps:          1       0       0       0       0       0       0       0       0       0       0       0       0       0       0       0
      Totals:         3       0       0       0       0       0       0       0       0       0       0       0       0       0       0       0
Total ram usage:        3 bytes
 Hardware stack levels used:    1
 This function calls:
		Nothing
 This function is called by:
		_main
 This function uses a non-reentrant model


 *************** function _Flash_Writex *****************
 Defined at:
		line 60 in file "flash.c"
 Parameters:    Size  Location     Type
  address         4    0[COMRAM] unsigned long 
  P               1    4[COMRAM] PTR unsigned char 
		 -> main@chdata(64), 
  length          1    5[COMRAM] unsigned char 
 Auto vars:     Size  Location     Type
  i               1    6[COMRAM] unsigned char 
 Return value:  Size  Location     Type
                  1    wreg      void 
 Registers used:
		wreg, fsr2l, fsr2h, status,2, status,0, cstack
 Tracked objects:
		On entry : 
		On exit  : 
		Unchanged: 
 Data sizes:     COMRAM   BANK0   BANK1   BANK2   BANK3   BANK4   BANK5   BANK6   BANK7   BANK8   BANK9  BANK10  BANK11  BANK12  BANK13  BANK14
      Params:         6       0       0       0       0       0       0       0       0       0       0       0       0       0       0       0
      Locals:         1       0       0       0       0       0       0       0       0       0       0       0       0       0       0       0
      Temps:          0       0       0       0       0       0       0       0       0       0       0       0       0       0       0       0
      Totals:         7       0       0       0       0       0       0       0       0       0       0       0       0       0       0       0
Total ram usage:        7 bytes
 Hardware stack levels used:    1
 Hardware stack levels required when called:    1
 This function calls:
		_Write_Cycle
 This function is called by:
		_main
 This function uses a non-reentrant model


 *************** function _Erase_Whole_Flash *****************
 Defined at:
		line 31 in file "flash.c"
 Parameters:    Size  Location     Type
		None
 Auto vars:     Size  Location     Type
  erase           2    7[COMRAM] unsigned int 
 Return value:  Size  Location     Type
                  1    wreg      void 
 Registers used:
		wreg, status,2, status,0, cstack
 Tracked objects:
		On entry : 
		On exit  : 
		Unchanged: 
 Data sizes:     COMRAM   BANK0   BANK1   BANK2   BANK3   BANK4   BANK5   BANK6   BANK7   BANK8   BANK9  BANK10  BANK11  BANK12  BANK13  BANK14
      Params:         0       0       0       0       0       0       0       0       0       0       0       0       0       0       0       0
      Locals:         2       0       0       0       0       0       0       0       0       0       0       0       0       0       0       0
      Temps:          0       0       0       0       0       0       0       0       0       0       0       0       0       0       0       0
      Totals:         2       0       0       0       0       0       0       0       0       0       0       0       0       0       0       0
Total ram usage:        2 bytes
 Hardware stack levels used:    1
 Hardware stack levels required when called:    2
 This function calls:
		_Flash_Erasex
 This function is called by:
		_main
 This function uses a non-reentrant model


 *************** function _Flash_Erasex *****************
 Defined at:
		line 23 in file "flash.c"
 Parameters:    Size  Location     Type
  address         4    0[COMRAM] unsigned long 
 Auto vars:     Size  Location     Type
		None
 Return value:  Size  Location     Type
                  1    wreg      void 
 Registers used:
		wreg, status,2, cstack
 Tracked objects:
		On entry : 
		On exit  : 
		Unchanged: 
 Data sizes:     COMRAM   BANK0   BANK1   BANK2   BANK3   BANK4   BANK5   BANK6   BANK7   BANK8   BANK9  BANK10  BANK11  BANK12  BANK13  BANK14
      Params:         4       0       0       0       0       0       0       0       0       0       0       0       0       0       0       0
      Locals:         0       0       0       0       0       0       0       0       0       0       0       0       0       0       0       0
      Temps:          3       0       0       0       0       0       0       0       0       0       0       0       0       0       0       0
      Totals:         7       0       0       0       0       0       0       0       0       0       0       0       0       0       0       0
Total ram usage:        7 bytes
 Hardware stack levels used:    1
 Hardware stack levels required when called:    1
 This function calls:
		_Write_Cycle
 This function is called by:
		_Erase_Whole_Flash
 This function uses a non-reentrant model


 *************** function _Write_Cycle *****************
 Defined at:
		line 7 in file "flash.c"
 Parameters:    Size  Location     Type
		None
 Auto vars:     Size  Location     Type
		None
 Return value:  Size  Location     Type
                  1    wreg      void 
 Registers used:
		wreg, status,2
 Tracked objects:
		On entry : 
		On exit  : 
		Unchanged: 
 Data sizes:     COMRAM   BANK0   BANK1   BANK2   BANK3   BANK4   BANK5   BANK6   BANK7   BANK8   BANK9  BANK10  BANK11  BANK12  BANK13  BANK14
      Params:         0       0       0       0       0       0       0       0       0       0       0       0       0       0       0       0
      Locals:         0       0       0       0       0       0       0       0       0       0       0       0       0       0       0       0
      Temps:          0       0       0       0       0       0       0       0       0       0       0       0       0       0       0       0
      Totals:         0       0       0       0       0       0       0       0       0       0       0       0       0       0       0       0
Total ram usage:        0 bytes
 Hardware stack levels used:    1
 This function calls:
		Nothing
 This function is called by:
		_Flash_Erasex
		_Flash_Writex
 This function uses a non-reentrant model


 *************** function _CanSendBuffer *****************
 Defined at:
		line 41 in file "CAN.c"
 Parameters:    Size  Location     Type
  tx_id           2    8[COMRAM] unsigned int 
  ptr             1   10[COMRAM] PTR unsigned char 
		 -> main@chs(8), main@ch_413(8), main@ch_404(7), main@ch(7), 
		 -> delay_boot(1), CAN_rx_buf(8), 
  len             1   11[COMRAM] unsigned char 
 Auto vars:     Size  Location     Type
		None
 Return value:  Size  Location     Type
                  1    wreg      void 
 Registers used:
		wreg, fsr1l, fsr1h, fsr2l, fsr2h, status,2, status,0, cstack
 Tracked objects:
		On entry : 
		On exit  : 
		Unchanged: 
 Data sizes:     COMRAM   BANK0   BANK1   BANK2   BANK3   BANK4   BANK5   BANK6   BANK7   BANK8   BANK9  BANK10  BANK11  BANK12  BANK13  BANK14
      Params:         4       0       0       0       0       0       0       0       0       0       0       0       0       0       0       0
      Locals:         0       0       0       0       0       0       0       0       0       0       0       0       0       0       0       0
      Temps:          2       0       0       0       0       0       0       0       0       0       0       0       0       0       0       0
      Totals:         6       0       0       0       0       0       0       0       0       0       0       0       0       0       0       0
Total ram usage:        6 bytes
 Hardware stack levels used:    1
 Hardware stack levels required when called:    1
 This function calls:
		_memcpy
 This function is called by:
		_main
 This function uses a non-reentrant model


 *************** function _memcpy *****************
 Defined at:
		line 11 in file "C:\Program Files (x86)\Microchip\xc8\v1.41\sources\common\memcpy.c"
 Parameters:    Size  Location     Type
  d1              2    0[COMRAM] PTR void 
		 -> RAM(3648), 
  s1              1    2[COMRAM] PTR const void 
		 -> main@chs(8), main@ch_413(8), main@ch_404(7), main@ch(7), 
		 -> delay_boot(1), CAN_rx_buf(8), 
  n               2    3[COMRAM] unsigned int 
 Auto vars:     Size  Location     Type
  d               2    5[COMRAM] PTR unsigned char 
		 -> RAM(3648), 
  s               1    7[COMRAM] PTR const unsigned char 
		 -> main@chs(8), main@ch_413(8), main@ch_404(7), main@ch(7), 
		 -> delay_boot(1), CAN_rx_buf(8), 
 Return value:  Size  Location     Type
                  2    0[COMRAM] PTR void 
 Registers used:
		wreg, fsr1l, fsr1h, fsr2l, fsr2h, status,2, status,0
 Tracked objects:
		On entry : 
		On exit  : 
		Unchanged: 
 Data sizes:     COMRAM   BANK0   BANK1   BANK2   BANK3   BANK4   BANK5   BANK6   BANK7   BANK8   BANK9  BANK10  BANK11  BANK12  BANK13  BANK14
      Params:         5       0       0       0       0       0       0       0       0       0       0       0       0       0       0       0
      Locals:         3       0       0       0       0       0       0       0       0       0       0       0       0       0       0       0
      Temps:          0       0       0       0       0       0       0       0       0       0       0       0       0       0       0       0
      Totals:         8       0       0       0       0       0       0       0       0       0       0       0       0       0       0       0
Total ram usage:        8 bytes
 Hardware stack levels used:    1
 This function calls:
		Nothing
 This function is called by:
		_CanSendBuffer
 This function uses a non-reentrant model



MODULE INFORMATION

Module		Function		Class		Link	Load	Size
C:\Program Files (x86)\Microchip\xc8\v1.41\sources\common\memcpy.c
		_memcpy        		CODE           	0790	0000	55

C:\Program Files (x86)\Microchip\xc8\v1.41\sources\common\memcpy.c estimated size: 55

shared
		PL12           		CODE           	05E8	0000	9
		PL8            		CODE           	0782	0000	15
		PL14           		CODE           	05F0	0000	11
		PL16           		CODE           	05FA	0000	9
		__initialization		CODE           	0602	0000	89
		PL2            		CODE           	0598	0000	35
		PL10           		CODE           	05DE	0000	11
		PL4            		CODE           	05BA	0000	11
		PL6            		CODE           	05C4	0000	27

shared estimated size: 217

flash.c
		_Write_Cycle   		CODE           	07EE	0000	41
		_Flash_Erasex  		CODE           	07C6	0000	41
		_Erase_Whole_Flash		CODE           	06C4	0000	79
		_Flash_Writex  		CODE           	075A	0000	41

flash.c estimated size: 202

main.c
		_main          		CODE           	0404	0000	405

main.c estimated size: 405

CAN.c
		_init_CAN      		CODE           	0712	0000	73
		_CanSendBuffer 		CODE           	0664	0000	97

CAN.c estimated size: 170

